// Jest Snapshot v1, https://goo.gl/fbAQLP

exports[`Should render TicketModal correctly with props 1`] = `
<Modal
  ariaHideApp={true}
  bodyOpenClassName="ReactModal__Body--open"
  className="modal"
  closeTimeoutMS={200}
  contentLabel="Ticket Details"
  isOpen={true}
  parentSelector={[Function]}
  portalClassName="ReactModalPortal"
  shouldCloseOnEsc={true}
  shouldCloseOnOverlayClick={true}
  shouldFocusAfterRender={true}
  shouldReturnFocusAfterClose={true}
>
  <div>
    <p
      className="text-left dotted-line"
    >
      Requester: 
      363104529414
    </p>
    <h4>
      ex cillum cillum proident commodo
    </h4>
    <p
      className="ticket-modal__description"
    >
      Culpa amet mollit esse tempor sit ullamco sit ex dolore nostrud consectetur. Amet ad aliquip aliqua aute quis sunt laborum excepteur occaecat. Enim cillum do reprehenderit cupidatat ex eu ea ipsum ullamco consequat dolore duis consectetur. Magna sit voluptate laboris nisi do.
      
      Dolor voluptate anim consequat ad cillum excepteur nisi elit. Ea tempor ipsum sint fugiat dolor anim amet pariatur aliqua labore ipsum. Sunt cillum eu fugiat est cillum mollit ullamco dolor anim in cupidatat cupidatat. Commodo eiusmod est et dolore enim do Lorem sunt quis magna sunt excepteur. Aliqua esse velit nulla labore culpa reprehenderit magna cupidatat aliquip. Do aliquip elit adipisicing aute excepteur culpa. Ullamco elit enim duis ut Lorem proident qui cupidatat magna.
    </p>
    <div
      className="ticket-list-item__header"
    >
      <p>
        <span
          className="date"
        >
          Thu Jun 07 2018
        </span>
        <span
          className="right"
        >
           Status: 
          open
        </span>
      </p>
    </div>
  </div>
  <button
    className="button"
  >
    close
  </button>
</Modal>
`;
